// Jest Snapshot v1, https://goo.gl/fbAQLP

exports[`NavBar component renders correctly 1`] = `
<header
  className="navbar-container"
>
  <nav
    className="nav-bar"
  >
    <h1
      className="logo"
    >
      <a
        href="/"
        onClick={[Function]}
      >
        Math Magicians
      </a>
    </h1>
    <ul
      className="nav-link"
    >
      <li>
        <a
          href="/"
          onClick={[Function]}
        >
          Home
        </a>
      </li>
      <li>
        <a
          href="/calculator"
          onClick={[Function]}
        >
          Calculator
        </a>
      </li>
      <li>
        <a
          href="/quote"
          onClick={[Function]}
        >
          Quote
        </a>
      </li>
    </ul>
  </nav>
</header>
`;
